Release 14.7 - xst P.20131013 (nt64)
Copyright (c) 1995-2013 Xilinx, Inc.  All rights reserved.
--> Parameter TMPDIR set to xst/projnav.tmp


Total REAL time to Xst completion: 0.00 secs
Total CPU time to Xst completion: 0.09 secs
 
--> Parameter xsthdpdir set to xst


Total REAL time to Xst completion: 0.00 secs
Total CPU time to Xst completion: 0.09 secs
 
--> Reading design: schema.prj

TABLE OF CONTENTS
  1) Synthesis Options Summary
  2) HDL Compilation
  3) Design Hierarchy Analysis
  4) HDL Analysis
  5) HDL Synthesis
     5.1) HDL Synthesis Report
  6) Advanced HDL Synthesis
     6.1) Advanced HDL Synthesis Report
  7) Low Level Synthesis
  8) Partition Report
  9) Final Report
	9.1) Device utilization summary
	9.2) Partition Resource Summary
	9.3) TIMING REPORT


=========================================================================
*                      Synthesis Options Summary                        *
=========================================================================
---- Source Parameters
Input File Name                    : "schema.prj"
Input Format                       : mixed
Ignore Synthesis Constraint File   : NO

---- Target Parameters
Output File Name                   : "schema"
Output Format                      : NGC
Target Device                      : xc3s500e-4-fg320

---- Source Options
Top Module Name                    : schema
Automatic FSM Extraction           : YES
FSM Encoding Algorithm             : Auto
Safe Implementation                : No
FSM Style                          : LUT
RAM Extraction                     : Yes
RAM Style                          : Auto
ROM Extraction                     : Yes
Mux Style                          : Auto
Decoder Extraction                 : YES
Priority Encoder Extraction        : Yes
Shift Register Extraction          : YES
Logical Shifter Extraction         : YES
XOR Collapsing                     : YES
ROM Style                          : Auto
Mux Extraction                     : Yes
Resource Sharing                   : YES
Asynchronous To Synchronous        : NO
Multiplier Style                   : Auto
Automatic Register Balancing       : No

---- Target Options
Add IO Buffers                     : YES
Global Maximum Fanout              : 100000
Add Generic Clock Buffer(BUFG)     : 24
Register Duplication               : YES
Slice Packing                      : YES
Optimize Instantiated Primitives   : NO
Use Clock Enable                   : Yes
Use Synchronous Set                : Yes
Use Synchronous Reset              : Yes
Pack IO Registers into IOBs        : Auto
Equivalent register Removal        : YES

---- General Options
Optimization Goal                  : Speed
Optimization Effort                : 1
Keep Hierarchy                     : No
Netlist Hierarchy                  : As_Optimized
RTL Output                         : Yes
Global Optimization                : AllClockNets
Read Cores                         : YES
Write Timing Constraints           : NO
Cross Clock Analysis               : NO
Hierarchy Separator                : /
Bus Delimiter                      : <>
Case Specifier                     : Maintain
Slice Utilization Ratio            : 100
BRAM Utilization Ratio             : 100
Verilog 2001                       : YES
Auto BRAM Packing                  : NO
Slice Utilization Ratio Delta      : 5

=========================================================================


=========================================================================
*                          HDL Compilation                              *
=========================================================================
Compiling vhdl file "C:/Users/lab/Desktop/organs/SawGenerator.vhd" in Library work.
Architecture behavioral of Entity sawgenerator is up to date.
Compiling vhdl file "C:/Users/lab/Desktop/organs/schema.vhf" in Library work.
Entity <schema> compiled.
Entity <schema> (Architecture <behavioral>) compiled.

=========================================================================
*                     Design Hierarchy Analysis                         *
=========================================================================
Analyzing hierarchy for entity <schema> in library <work> (architecture <behavioral>).

Analyzing hierarchy for entity <SawGenerator> in library <work> (architecture <behavioral>).


=========================================================================
*                            HDL Analysis                               *
=========================================================================
Analyzing Entity <schema> in library <work> (Architecture <behavioral>).
WARNING:Xst:753 - "C:/Users/lab/Desktop/organs/schema.vhf" line 81: Unconnected output port 'Busy' of component 'DACWrite'.
WARNING:Xst:2211 - "C:/Users/lab/Desktop/organs/schema.vhf" line 81: Instantiating black box module <DACWrite>.
Entity <schema> analyzed. Unit <schema> generated.

Analyzing Entity <SawGenerator> in library <work> (Architecture <behavioral>).
Entity <SawGenerator> analyzed. Unit <SawGenerator> generated.


=========================================================================
*                           HDL Synthesis                               *
=========================================================================

Performing bidirectional port resolution...

Synthesizing Unit <SawGenerator>.
    Related source file is "C:/Users/lab/Desktop/organs/SawGenerator.vhd".
    Found 16x11-bit ROM for signal <Cycles_Per_Step>.
    Found 1-bit register for signal <Sample_Rdy>.
    Found 32-bit up counter for signal <Cycle_Counter>.
    Found 32-bit comparator equal for signal <Cycle_Counter$cmp_eq0000> created at line 92.
    Found 5-bit up counter for signal <Sample_Counter>.
    Found 32-bit up counter for signal <Step_Counter>.
    Summary:
	inferred   1 ROM(s).
	inferred   3 Counter(s).
	inferred   1 D-type flip-flop(s).
	inferred   1 Comparator(s).
Unit <SawGenerator> synthesized.


Synthesizing Unit <schema>.
    Related source file is "C:/Users/lab/Desktop/organs/schema.vhf".
Unit <schema> synthesized.


=========================================================================
HDL Synthesis Report

Macro Statistics
# ROMs                                                 : 1
 16x11-bit ROM                                         : 1
# Counters                                             : 3
 32-bit up counter                                     : 2
 5-bit up counter                                      : 1
# Registers                                            : 1
 1-bit register                                        : 1
# Comparators                                          : 1
 32-bit comparator equal                               : 1

=========================================================================

=========================================================================
*                       Advanced HDL Synthesis                          *
=========================================================================

Reading core <DACWrite.ngc>.
Loading core <DACWrite> for timing and area information for instance <XLXI_4>.

=========================================================================
Advanced HDL Synthesis Report

Macro Statistics
# ROMs                                                 : 1
 16x11-bit ROM                                         : 1
# Counters                                             : 2
 32-bit up counter                                     : 1
 5-bit up counter                                      : 1
# Registers                                            : 1
 Flip-Flops                                            : 1
# Comparators                                          : 1
 32-bit comparator equal                               : 1

=========================================================================

=========================================================================
*                         Low Level Synthesis                           *
=========================================================================

Optimizing unit <schema> ...

Optimizing unit <SawGenerator> ...

Mapping all equations...
Building and optimizing final netlist ...
Found area constraint ratio of 100 (+ 5) on block schema, actual ratio is 1.

Final Macro Processing ...

=========================================================================
Final Register Report

Macro Statistics
# Registers                                            : 38
 Flip-Flops                                            : 38

=========================================================================

=========================================================================
*                           Partition Report                            *
=========================================================================

Partition Implementation Status
-------------------------------

  No Partitions were found in this design.

-------------------------------

=========================================================================
*                            Final Report                               *
=========================================================================
Final Results
RTL Top Level Output File Name     : schema.ngr
Top Level Output File Name         : schema
Output Format                      : NGC
Optimization Goal                  : Speed
Keep Hierarchy                     : No

Design Statistics
# IOs                              : 12

Cell Usage :
# BELS                             : 162
#      GND                         : 2
#      INV                         : 7
#      LUT1                        : 31
#      LUT2                        : 7
#      LUT3                        : 26
#      LUT3_D                      : 1
#      LUT4                        : 12
#      LUT4_D                      : 3
#      MUXCY                       : 39
#      VCC                         : 2
#      XORCY                       : 32
# FlipFlops/Latches                : 93
#      FD                          : 7
#      FDE                         : 46
#      FDR                         : 38
#      FDRSE                       : 2
# Clock Buffers                    : 1
#      BUFGP                       : 1
# IO Buffers                       : 11
#      IBUF                        : 2
#      OBUF                        : 9
=========================================================================

Device utilization summary:
---------------------------

Selected Device : 3s500efg320-4 

 Number of Slices:                       57  out of   4656     1%  
 Number of Slice Flip Flops:             93  out of   9312     0%  
 Number of 4 input LUTs:                 87  out of   9312     0%  
 Number of IOs:                          12
 Number of bonded IOBs:                  12  out of    232     5%  
 Number of GCLKs:                         1  out of     24     4%  

---------------------------
Partition Resource Summary:
---------------------------

  No Partitions were found in this design.

---------------------------


=========================================================================
TIMING REPORT

NOTE: THESE TIMING NUMBERS ARE ONLY A SYNTHESIS ESTIMATE.
      FOR ACCURATE TIMING INFORMATION PLEASE REFER TO THE TRACE REPORT
      GENERATED AFTER PLACE-and-ROUTE.

Clock Information:
------------------
-----------------------------------+------------------------+-------+
Clock Signal                       | Clock buffer(FF name)  | Load  |
-----------------------------------+------------------------+-------+
Clk                                | BUFGP                  | 93    |
-----------------------------------+------------------------+-------+

Asynchronous Control Signals Information:
----------------------------------------
No asynchronous control signals found in this design

Timing Summary:
---------------
Speed Grade: -4

   Minimum period: 6.365ns (Maximum Frequency: 157.107MHz)
   Minimum input arrival time before clock: 4.076ns
   Maximum output required time after clock: 5.620ns
   Maximum combinational path delay: 7.135ns

Timing Detail:
--------------
All values displayed in nanoseconds (ns)

=========================================================================
Timing constraint: Default period analysis for Clock 'Clk'
  Clock period: 6.365ns (frequency: 157.107MHz)
  Total number of paths / destination ports: 2188 / 163
-------------------------------------------------------------------------
Delay:               6.365ns (Levels of Logic = 10)
  Source:            XLXI_5/Cycle_Counter_8 (FF)
  Destination:       XLXI_5/Sample_Rdy (FF)
  Source Clock:      Clk rising
  Destination Clock: Clk rising

  Data Path: XLXI_5/Cycle_Counter_8 to XLXI_5/Sample_Rdy
                                Gate     Net
    Cell:in->out      fanout   Delay   Delay  Logical Name (Net Name)
    ----------------------------------------  ------------
     FDR:C->Q              2   0.591   0.622  XLXI_5/Cycle_Counter_8 (XLXI_5/Cycle_Counter_8)
     LUT4:I0->O            1   0.704   0.000  XLXI_5/Cycle_Counter_cmp_eq0000_wg_lut<0> (XLXI_5/Cycle_Counter_cmp_eq0000_wg_lut<0>)
     MUXCY:S->O            1   0.464   0.000  XLXI_5/Cycle_Counter_cmp_eq0000_wg_cy<0> (XLXI_5/Cycle_Counter_cmp_eq0000_wg_cy<0>)
     MUXCY:CI->O           1   0.059   0.000  XLXI_5/Cycle_Counter_cmp_eq0000_wg_cy<1> (XLXI_5/Cycle_Counter_cmp_eq0000_wg_cy<1>)
     MUXCY:CI->O           1   0.059   0.000  XLXI_5/Cycle_Counter_cmp_eq0000_wg_cy<2> (XLXI_5/Cycle_Counter_cmp_eq0000_wg_cy<2>)
     MUXCY:CI->O           1   0.059   0.000  XLXI_5/Cycle_Counter_cmp_eq0000_wg_cy<3> (XLXI_5/Cycle_Counter_cmp_eq0000_wg_cy<3>)
     MUXCY:CI->O           1   0.059   0.000  XLXI_5/Cycle_Counter_cmp_eq0000_wg_cy<4> (XLXI_5/Cycle_Counter_cmp_eq0000_wg_cy<4>)
     MUXCY:CI->O           1   0.059   0.000  XLXI_5/Cycle_Counter_cmp_eq0000_wg_cy<5> (XLXI_5/Cycle_Counter_cmp_eq0000_wg_cy<5>)
     MUXCY:CI->O           1   0.059   0.000  XLXI_5/Cycle_Counter_cmp_eq0000_wg_cy<6> (XLXI_5/Cycle_Counter_cmp_eq0000_wg_cy<6>)
     MUXCY:CI->O          38   0.331   1.264  XLXI_5/Cycle_Counter_cmp_eq0000_wg_cy<7> (XLXI_5/Cycle_Counter_cmp_eq0000)
     INV:I->O              1   0.704   0.420  XLXI_5/Sample_Rdy_not00011_INV_0 (XLXI_5/Sample_Rdy_not0001)
     FDR:R                     0.911          XLXI_5/Sample_Rdy
    ----------------------------------------
    Total                      6.365ns (4.059ns logic, 2.306ns route)
                                       (63.8% logic, 36.2% route)

=========================================================================
Timing constraint: Default OFFSET IN BEFORE for Clock 'Clk'
  Total number of paths / destination ports: 8 / 8
-------------------------------------------------------------------------
Offset:              4.076ns (Levels of Logic = 3)
  Source:            Res (PAD)
  Destination:       XLXI_4/Cnt_0 (FF)
  Destination Clock: Clk rising

  Data Path: Res to XLXI_4/Cnt_0
                                Gate     Net
    Cell:in->out      fanout   Delay   Delay  Logical Name (Net Name)
    ----------------------------------------  ------------
     IBUF:I->O             3   1.218   0.610  Res_IBUF (Res_IBUF)
     begin scope: 'XLXI_4'
     LUT2:I1->O            5   0.704   0.633  Cnt_or00001 (Cnt_or0000)
     FDR:R                     0.911          Cnt_0
    ----------------------------------------
    Total                      4.076ns (2.833ns logic, 1.243ns route)
                                       (69.5% logic, 30.5% route)

=========================================================================
Timing constraint: Default OFFSET OUT AFTER for Clock 'Clk'
  Total number of paths / destination ports: 2 / 2
-------------------------------------------------------------------------
Offset:              5.620ns (Levels of Logic = 3)
  Source:            XLXI_4/iBusy (FF)
  Destination:       DAC_CS (PAD)
  Source Clock:      Clk rising

  Data Path: XLXI_4/iBusy to DAC_CS
                                Gate     Net
    Cell:in->out      fanout   Delay   Delay  Logical Name (Net Name)
    ----------------------------------------  ------------
     FDRSE:C->Q            5   0.591   0.633  iBusy (iBusy)
     INV:I->O              1   0.704   0.420  DAC_CS1_INV_0 (DAC_CS)
     end scope: 'XLXI_4'
     OBUF:I->O                 3.272          DAC_CS_OBUF (DAC_CS)
    ----------------------------------------
    Total                      5.620ns (4.567ns logic, 1.053ns route)
                                       (81.3% logic, 18.7% route)

=========================================================================
Timing constraint: Default path analysis
  Total number of paths / destination ports: 1 / 1
-------------------------------------------------------------------------
Delay:               7.135ns (Levels of Logic = 4)
  Source:            Clk (PAD)
  Destination:       SPI_SCK (PAD)

  Data Path: Clk to SPI_SCK
                                Gate     Net
    Cell:in->out      fanout   Delay   Delay  Logical Name (Net Name)
    ----------------------------------------  ------------
     BUFGP:I->O           94   1.457   1.282  Clk_BUFGP (Clk_BUFGP)
     begin scope: 'XLXI_4'
     INV:I->O              1   0.704   0.420  SPI_SCK1_INV_0 (SPI_SCK)
     end scope: 'XLXI_4'
     OBUF:I->O                 3.272          SPI_SCK_OBUF (SPI_SCK)
    ----------------------------------------
    Total                      7.135ns (5.433ns logic, 1.702ns route)
                                       (76.1% logic, 23.9% route)

=========================================================================


Total REAL time to Xst completion: 4.00 secs
Total CPU time to Xst completion: 4.42 secs
 
--> 

Total memory usage is 4515444 kilobytes

Number of errors   :    0 (   0 filtered)
Number of warnings :    2 (   0 filtered)
Number of infos    :    0 (   0 filtered)

